{
  "version": "1.5.0",
  "plugins_used": [
    {
      "name": "ArtifactoryDetector"
    },
    {
      "name": "AWSKeyDetector"
    },
    {
      "name": "AzureStorageKeyDetector"
    },
    {
      "name": "Base64HighEntropyString",
      "limit": 4.5
    },
    {
      "name": "BasicAuthDetector"
    },
    {
      "name": "CloudantDetector"
    },
    {
      "name": "DiscordBotTokenDetector"
    },
    {
      "name": "GitHubTokenDetector"
    },
    {
      "name": "GitLabTokenDetector"
    },
    {
      "name": "HexHighEntropyString",
      "limit": 3.0
    },
    {
      "name": "IbmCloudIamDetector"
    },
    {
      "name": "IbmCosHmacDetector"
    },
    {
      "name": "IPPublicDetector"
    },
    {
      "name": "JwtTokenDetector"
    },
    {
      "name": "KeywordDetector",
      "keyword_exclude": ""
    },
    {
      "name": "MailchimpDetector"
    },
    {
      "name": "NpmDetector"
    },
    {
      "name": "OpenAIDetector"
    },
    {
      "name": "PrivateKeyDetector"
    },
    {
      "name": "PypiTokenDetector"
    },
    {
      "name": "SendGridDetector"
    },
    {
      "name": "SlackDetector"
    },
    {
      "name": "SoftlayerDetector"
    },
    {
      "name": "SquareOAuthDetector"
    },
    {
      "name": "StripeDetector"
    },
    {
      "name": "TelegramBotTokenDetector"
    },
    {
      "name": "TwilioKeyDetector"
    }
  ],
  "filters_used": [
    {
      "path": "detect_secrets.filters.allowlist.is_line_allowlisted"
    },
    {
      "path": "detect_secrets.filters.common.is_ignored_due_to_verification_policies",
      "min_level": 2
    },
    {
      "path": "detect_secrets.filters.heuristic.is_indirect_reference"
    },
    {
      "path": "detect_secrets.filters.heuristic.is_likely_id_string"
    },
    {
      "path": "detect_secrets.filters.heuristic.is_lock_file"
    },
    {
      "path": "detect_secrets.filters.heuristic.is_not_alphanumeric_string"
    },
    {
      "path": "detect_secrets.filters.heuristic.is_potential_uuid"
    },
    {
      "path": "detect_secrets.filters.heuristic.is_prefixed_with_dollar_sign"
    },
    {
      "path": "detect_secrets.filters.heuristic.is_sequential_string"
    },
    {
      "path": "detect_secrets.filters.heuristic.is_swagger_file"
    },
    {
      "path": "detect_secrets.filters.heuristic.is_templated_secret"
    }
  ],
  "results": {
    ".taskfiles/ec2/scripts/launch-orchestrator.sh.tmpl": [
      {
        "type": "Secret Keyword",
        "filename": ".taskfiles/ec2/scripts/launch-orchestrator.sh.tmpl",
        "hashed_secret": "e7ad0c791859c782366259bd8167b4a1fc6dad39",
        "is_verified": false,
        "line_number": 7
      },
      {
        "type": "Secret Keyword",
        "filename": ".taskfiles/ec2/scripts/launch-orchestrator.sh.tmpl",
        "hashed_secret": "950a948e25df5f9439057cb4dc529037ead13649",
        "is_verified": false,
        "line_number": 8
      },
      {
        "type": "Secret Keyword",
        "filename": ".taskfiles/ec2/scripts/launch-orchestrator.sh.tmpl",
        "hashed_secret": "059d774d921527029e66a2374e40389ead5844d3",
        "is_verified": false,
        "line_number": 9
      }
    ],
    "ares-rust/ares-cli/src/detection/markdown.rs": [
      {
        "type": "Secret Keyword",
        "filename": "ares-rust/ares-cli/src/detection/markdown.rs",
        "hashed_secret": "7d7deaa2f516ac947eb032b0c82cc477a0f3ea67",
        "is_verified": false,
        "line_number": 193
      }
    ],
    "ares-rust/ares-cli/src/detection/playbook.rs": [
      {
        "type": "Secret Keyword",
        "filename": "ares-rust/ares-cli/src/detection/playbook.rs",
        "hashed_secret": "7d7deaa2f516ac947eb032b0c82cc477a0f3ea67",
        "is_verified": false,
        "line_number": 243
      },
      {
        "type": "Hex High Entropy String",
        "filename": "ares-rust/ares-cli/src/detection/playbook.rs",
        "hashed_secret": "18ecd055879e9e204ff0887588a7aa1ef77223c9",
        "is_verified": false,
        "line_number": 267
      }
    ],
    "ares-rust/ares-cli/src/detection/queries.rs": [
      {
        "type": "Secret Keyword",
        "filename": "ares-rust/ares-cli/src/detection/queries.rs",
        "hashed_secret": "7d7deaa2f516ac947eb032b0c82cc477a0f3ea67",
        "is_verified": false,
        "line_number": 264
      }
    ],
    "ares-rust/ares-core/src/eval/gap_analysis.rs": [
      {
        "type": "Hex High Entropy String",
        "filename": "ares-rust/ares-core/src/eval/gap_analysis.rs",
        "hashed_secret": "748b73c1a6dd85d19701c01165b2b6d431f456ce",
        "is_verified": false,
        "line_number": 697
      }
    ],
    "ares-rust/ares-core/src/parsing/ntlm.rs": [
      {
        "type": "Hex High Entropy String",
        "filename": "ares-rust/ares-core/src/parsing/ntlm.rs",
        "hashed_secret": "95d48052e55fd819280be0b523a1c5d1257a2428",
        "is_verified": false,
        "line_number": 9
      },
      {
        "type": "Hex High Entropy String",
        "filename": "ares-rust/ares-core/src/parsing/ntlm.rs",
        "hashed_secret": "927a47f5923c0aaa481bc1a0f7f7572e452a6ff1",
        "is_verified": false,
        "line_number": 223
      }
    ],
    "ares-rust/ares-core/src/parsing/secretsdump.rs": [
      {
        "type": "Hex High Entropy String",
        "filename": "ares-rust/ares-core/src/parsing/secretsdump.rs",
        "hashed_secret": "95d48052e55fd819280be0b523a1c5d1257a2428",
        "is_verified": false,
        "line_number": 9
      },
      {
        "type": "Hex High Entropy String",
        "filename": "ares-rust/ares-core/src/parsing/secretsdump.rs",
        "hashed_secret": "1459a56410378e4d3ab470eff570e5eae1742762",
        "is_verified": false,
        "line_number": 93
      }
    ],
    "ares-rust/ares-core/src/reports/context.rs": [
      {
        "type": "Secret Keyword",
        "filename": "ares-rust/ares-core/src/reports/context.rs",
        "hashed_secret": "7d7deaa2f516ac947eb032b0c82cc477a0f3ea67",
        "is_verified": false,
        "line_number": 282
      }
    ],
    "ares-rust/ares-core/src/reports/mod.rs": [
      {
        "type": "Hex High Entropy String",
        "filename": "ares-rust/ares-core/src/reports/mod.rs",
        "hashed_secret": "ad6a3a37668b7e9ce2e7e3530295cbc11516c71e",
        "is_verified": false,
        "line_number": 94
      },
      {
        "type": "Hex High Entropy String",
        "filename": "ares-rust/ares-core/src/reports/mod.rs",
        "hashed_secret": "e8e6c2284ab5bee4de2ee53880c8fc2a4728d3e8",
        "is_verified": false,
        "line_number": 107
      },
      {
        "type": "Hex High Entropy String",
        "filename": "ares-rust/ares-core/src/reports/mod.rs",
        "hashed_secret": "90bd1b48e958257948487b90bee080ba5ed00caa",
        "is_verified": false,
        "line_number": 407
      }
    ],
    "ares-rust/ares-llm/src/prompt/credential_access/low_hanging.rs": [
      {
        "type": "Secret Keyword",
        "filename": "ares-rust/ares-llm/src/prompt/credential_access/low_hanging.rs",
        "hashed_secret": "70ccd9007338d6d81dd3b6271621b9cf9a97ea00",
        "is_verified": false,
        "line_number": 59
      },
      {
        "type": "Secret Keyword",
        "filename": "ares-rust/ares-llm/src/prompt/credential_access/low_hanging.rs",
        "hashed_secret": "d318f44739dced66793b1a603028133a76ae680e",
        "is_verified": false,
        "line_number": 60
      },
      {
        "type": "Secret Keyword",
        "filename": "ares-rust/ares-llm/src/prompt/credential_access/low_hanging.rs",
        "hashed_secret": "6ea164759adccdf0b63c3e6a8a52792691f4c37b",
        "is_verified": false,
        "line_number": 61
      },
      {
        "type": "Secret Keyword",
        "filename": "ares-rust/ares-llm/src/prompt/credential_access/low_hanging.rs",
        "hashed_secret": "b6b1747a356d59a84c332863b4a877274951227b",
        "is_verified": false,
        "line_number": 62
      },
      {
        "type": "Secret Keyword",
        "filename": "ares-rust/ares-llm/src/prompt/credential_access/low_hanging.rs",
        "hashed_secret": "f4a69973e7b0bf9d160f9f60e3c3acd2494beb0d",
        "is_verified": false,
        "line_number": 63
      }
    ],
    "ares-rust/ares-llm/src/prompt/credential_access/no_cred.rs": [
      {
        "type": "Secret Keyword",
        "filename": "ares-rust/ares-llm/src/prompt/credential_access/no_cred.rs",
        "hashed_secret": "70ccd9007338d6d81dd3b6271621b9cf9a97ea00",
        "is_verified": false,
        "line_number": 44
      }
    ],
    "ares-rust/ares-llm/src/prompt/helpers.rs": [
      {
        "type": "Secret Keyword",
        "filename": "ares-rust/ares-llm/src/prompt/helpers.rs",
        "hashed_secret": "08d2e98e6754af941484848930ccbaddfefe13d6",
        "is_verified": false,
        "line_number": 110
      },
      {
        "type": "Hex High Entropy String",
        "filename": "ares-rust/ares-llm/src/prompt/helpers.rs",
        "hashed_secret": "4a03a83f61829a353cb75e658de39e2c14524702",
        "is_verified": false,
        "line_number": 141
      },
      {
        "type": "Secret Keyword",
        "filename": "ares-rust/ares-llm/src/prompt/helpers.rs",
        "hashed_secret": "7d7deaa2f516ac947eb032b0c82cc477a0f3ea67",
        "is_verified": false,
        "line_number": 202
      },
      {
        "type": "Secret Keyword",
        "filename": "ares-rust/ares-llm/src/prompt/helpers.rs",
        "hashed_secret": "807838988790112fbb00ec4a6c993d2bfb691d75",
        "is_verified": false,
        "line_number": 208
      },
      {
        "type": "Secret Keyword",
        "filename": "ares-rust/ares-llm/src/prompt/helpers.rs",
        "hashed_secret": "b9c7b42de27fde88448357eef801bbafbf848468",
        "is_verified": false,
        "line_number": 214
      },
      {
        "type": "Secret Keyword",
        "filename": "ares-rust/ares-llm/src/prompt/helpers.rs",
        "hashed_secret": "b4b3e0a278988bc15f2913af3f4153ccef74e465",
        "is_verified": false,
        "line_number": 215
      },
      {
        "type": "Secret Keyword",
        "filename": "ares-rust/ares-llm/src/prompt/helpers.rs",
        "hashed_secret": "1561482c1292222496d39bb43eb61619184a51c9",
        "is_verified": false,
        "line_number": 249
      }
    ],
    "ares-rust/ares-llm/src/prompt/state_context.rs": [
      {
        "type": "Secret Keyword",
        "filename": "ares-rust/ares-llm/src/prompt/state_context.rs",
        "hashed_secret": "7d7deaa2f516ac947eb032b0c82cc477a0f3ea67",
        "is_verified": false,
        "line_number": 205
      }
    ],
    "ares-rust/ares-llm/src/prompt/tests.rs": [
      {
        "type": "Secret Keyword",
        "filename": "ares-rust/ares-llm/src/prompt/tests.rs",
        "hashed_secret": "7d7deaa2f516ac947eb032b0c82cc477a0f3ea67",
        "is_verified": false,
        "line_number": 10
      },
      {
        "type": "Secret Keyword",
        "filename": "ares-rust/ares-llm/src/prompt/tests.rs",
        "hashed_secret": "9d4e1e23bd5b727046a9e3b4b7db57bd8d6ee684",
        "is_verified": false,
        "line_number": 161
      },
      {
        "type": "Hex High Entropy String",
        "filename": "ares-rust/ares-llm/src/prompt/tests.rs",
        "hashed_secret": "95d48052e55fd819280be0b523a1c5d1257a2428",
        "is_verified": false,
        "line_number": 209
      },
      {
        "type": "Secret Keyword",
        "filename": "ares-rust/ares-llm/src/prompt/tests.rs",
        "hashed_secret": "2ef797c910cd7f6c089703f3cd3f21c7a4bfe19e",
        "is_verified": false,
        "line_number": 434
      }
    ],
    "ares-rust/ares-llm/src/routing/enrichment.rs": [
      {
        "type": "Secret Keyword",
        "filename": "ares-rust/ares-llm/src/routing/enrichment.rs",
        "hashed_secret": "637487c884f6dd9a4a638fab826509cfdba90fa9",
        "is_verified": false,
        "line_number": 191
      }
    ],
    "ares-rust/ares-llm/src/routing/mod.rs": [
      {
        "type": "Hex High Entropy String",
        "filename": "ares-rust/ares-llm/src/routing/mod.rs",
        "hashed_secret": "95d48052e55fd819280be0b523a1c5d1257a2428",
        "is_verified": false,
        "line_number": 375
      }
    ],
    "ares-rust/ares-llm/src/routing/util.rs": [
      {
        "type": "Hex High Entropy String",
        "filename": "ares-rust/ares-llm/src/routing/util.rs",
        "hashed_secret": "4a03a83f61829a353cb75e658de39e2c14524702",
        "is_verified": false,
        "line_number": 67
      }
    ],
    "ares-rust/ares-llm/templates/redteam/agents/acl.md.tera": [
      {
        "type": "Secret Keyword",
        "filename": "ares-rust/ares-llm/templates/redteam/agents/acl.md.tera",
        "hashed_secret": "9d4e1e23bd5b727046a9e3b4b7db57bd8d6ee684",
        "is_verified": false,
        "line_number": 44
      },
      {
        "type": "Secret Keyword",
        "filename": "ares-rust/ares-llm/templates/redteam/agents/acl.md.tera",
        "hashed_secret": "5c4f2778eafa38751fbd21fd4c1ef13ed9cfcff6",
        "is_verified": false,
        "line_number": 56
      }
    ],
    "ares-rust/ares-llm/templates/redteam/agents/lateral.md.tera": [
      {
        "type": "Secret Keyword",
        "filename": "ares-rust/ares-llm/templates/redteam/agents/lateral.md.tera",
        "hashed_secret": "076d3e6c4b9f654b5b220b9045b7458ab6b4cbc6",
        "is_verified": false,
        "line_number": 50
      },
      {
        "type": "Hex High Entropy String",
        "filename": "ares-rust/ares-llm/templates/redteam/agents/lateral.md.tera",
        "hashed_secret": "95d48052e55fd819280be0b523a1c5d1257a2428",
        "is_verified": false,
        "line_number": 55
      }
    ],
    "ares-rust/ares-llm/templates/redteam/agents/orchestrator.md.tera": [
      {
        "type": "Secret Keyword",
        "filename": "ares-rust/ares-llm/templates/redteam/agents/orchestrator.md.tera",
        "hashed_secret": "9d4e1e23bd5b727046a9e3b4b7db57bd8d6ee684",
        "is_verified": false,
        "line_number": 73
      }
    ],
    "ares-rust/ares-llm/templates/redteam/agents/privesc.md.tera": [
      {
        "type": "Secret Keyword",
        "filename": "ares-rust/ares-llm/templates/redteam/agents/privesc.md.tera",
        "hashed_secret": "9d4e1e23bd5b727046a9e3b4b7db57bd8d6ee684",
        "is_verified": false,
        "line_number": 99
      },
      {
        "type": "Secret Keyword",
        "filename": "ares-rust/ares-llm/templates/redteam/agents/privesc.md.tera",
        "hashed_secret": "017cff790932c717b0f8dbd934a9144bc609c83a",
        "is_verified": false,
        "line_number": 172
      },
      {
        "type": "Secret Keyword",
        "filename": "ares-rust/ares-llm/templates/redteam/agents/privesc.md.tera",
        "hashed_secret": "684b09b018597657c2de62f1afe8ba78443a9a91",
        "is_verified": false,
        "line_number": 230
      },
      {
        "type": "Secret Keyword",
        "filename": "ares-rust/ares-llm/templates/redteam/agents/privesc.md.tera",
        "hashed_secret": "5baa61e4c9b93f3f0682250b6cf8331b7ee68fd8",
        "is_verified": false,
        "line_number": 248
      }
    ],
    "ares-rust/ares-orchestrator/src/callback_handler.rs": [
      {
        "type": "Hex High Entropy String",
        "filename": "ares-rust/ares-orchestrator/src/callback_handler.rs",
        "hashed_secret": "d24300e82630c5fe6ec6151d0b77471619f8fffe",
        "is_verified": false,
        "line_number": 780
      },
      {
        "type": "Hex High Entropy String",
        "filename": "ares-rust/ares-orchestrator/src/callback_handler.rs",
        "hashed_secret": "b2adc0d7b0deea79f6942a7e9d07190189248439",
        "is_verified": false,
        "line_number": 792
      }
    ],
    "ares-rust/ares-orchestrator/src/output_extraction.rs": [
      {
        "type": "Hex High Entropy String",
        "filename": "ares-rust/ares-orchestrator/src/output_extraction.rs",
        "hashed_secret": "6746a0ad61a17e09512bdb7c36e733d14d6c6813",
        "is_verified": false,
        "line_number": 1011
      }
    ],
    "ares-rust/ares-orchestrator/src/recovery/normalize.rs": [
      {
        "type": "Secret Keyword",
        "filename": "ares-rust/ares-orchestrator/src/recovery/normalize.rs",
        "hashed_secret": "7d7deaa2f516ac947eb032b0c82cc477a0f3ea67",
        "is_verified": false,
        "line_number": 118
      },
      {
        "type": "Secret Keyword",
        "filename": "ares-rust/ares-orchestrator/src/recovery/normalize.rs",
        "hashed_secret": "8645e65d6d638b6abb2e78d15656c51269d45e17",
        "is_verified": false,
        "line_number": 129
      }
    ],
    "ares-rust/ares-orchestrator/src/result_processing.rs": [
      {
        "type": "Secret Keyword",
        "filename": "ares-rust/ares-orchestrator/src/result_processing.rs",
        "hashed_secret": "7d7deaa2f516ac947eb032b0c82cc477a0f3ea67",
        "is_verified": false,
        "line_number": 1263
      },
      {
        "type": "Secret Keyword",
        "filename": "ares-rust/ares-orchestrator/src/result_processing.rs",
        "hashed_secret": "2ef797c910cd7f6c089703f3cd3f21c7a4bfe19e",
        "is_verified": false,
        "line_number": 1272
      },
      {
        "type": "Secret Keyword",
        "filename": "ares-rust/ares-orchestrator/src/result_processing.rs",
        "hashed_secret": "7e8b0a3433f1210a9699d85420e363a1b162ecac",
        "is_verified": false,
        "line_number": 1307
      },
      {
        "type": "Secret Keyword",
        "filename": "ares-rust/ares-orchestrator/src/result_processing.rs",
        "hashed_secret": "88daefba2be7389bb13311a9c05827965ae87230",
        "is_verified": false,
        "line_number": 1487
      }
    ],
    "ares-rust/ares-orchestrator/src/state/shared.rs": [
      {
        "type": "Secret Keyword",
        "filename": "ares-rust/ares-orchestrator/src/state/shared.rs",
        "hashed_secret": "9d4e1e23bd5b727046a9e3b4b7db57bd8d6ee684",
        "is_verified": false,
        "line_number": 138
      }
    ],
    "ares-rust/ares-tools/src/credential_access/mod.rs": [
      {
        "type": "Secret Keyword",
        "filename": "ares-rust/ares-tools/src/credential_access/mod.rs",
        "hashed_secret": "d318f44739dced66793b1a603028133a76ae680e",
        "is_verified": false,
        "line_number": 55
      }
    ],
    "ares-rust/ares-tools/src/parsers/credential_tools.rs": [
      {
        "type": "Hex High Entropy String",
        "filename": "ares-rust/ares-tools/src/parsers/credential_tools.rs",
        "hashed_secret": "0a8e7319f26e6b34edab744487f82d7817dac8d2",
        "is_verified": false,
        "line_number": 566
      }
    ],
    "ares-rust/ares-tools/src/parsers/secrets.rs": [
      {
        "type": "Hex High Entropy String",
        "filename": "ares-rust/ares-tools/src/parsers/secrets.rs",
        "hashed_secret": "95d48052e55fd819280be0b523a1c5d1257a2428",
        "is_verified": false,
        "line_number": 28
      }
    ],
    "ares-rust/ares-worker/src/task_loop/executor.rs": [
      {
        "type": "Secret Keyword",
        "filename": "ares-rust/ares-worker/src/task_loop/executor.rs",
        "hashed_secret": "7d7deaa2f516ac947eb032b0c82cc477a0f3ea67",
        "is_verified": false,
        "line_number": 267
      },
      {
        "type": "Secret Keyword",
        "filename": "ares-rust/ares-worker/src/task_loop/executor.rs",
        "hashed_secret": "9d4e1e23bd5b727046a9e3b4b7db57bd8d6ee684",
        "is_verified": false,
        "line_number": 284
      }
    ],
    "docs/rust-migration/redis-schema-contract.md": [
      {
        "type": "Secret Keyword",
        "filename": "docs/rust-migration/redis-schema-contract.md",
        "hashed_secret": "076d3e6c4b9f654b5b220b9045b7458ab6b4cbc6",
        "is_verified": false,
        "line_number": 84
      },
      {
        "type": "Secret Keyword",
        "filename": "docs/rust-migration/redis-schema-contract.md",
        "hashed_secret": "ec417f567082612f8fd6afafe1abcab831fca840",
        "is_verified": false,
        "line_number": 545
      },
      {
        "type": "Secret Keyword",
        "filename": "docs/rust-migration/redis-schema-contract.md",
        "hashed_secret": "9d4e1e23bd5b727046a9e3b4b7db57bd8d6ee684",
        "is_verified": false,
        "line_number": 659
      },
      {
        "type": "Secret Keyword",
        "filename": "docs/rust-migration/redis-schema-contract.md",
        "hashed_secret": "88daefba2be7389bb13311a9c05827965ae87230",
        "is_verified": false,
        "line_number": 758
      }
    ]
  },
  "generated_at": "2026-04-14T04:14:09Z"
}
